// Jest Snapshot v1, https://goo.gl/fbAQLP

exports[`Test users query should query the users 1`] = `
Object {
  "data": Object {
    "listArtworks": Array [
      Object {
        "handle": "amazingsong",
      },
    ],
  },
  "errors": undefined,
  "extensions": undefined,
  "http": Object {
    "headers": Headers {
      Symbol(map): Object {},
    },
  },
}
`;
